// Jest Snapshot v1, https://goo.gl/fbAQLP

exports[`Modal SnapShot 1`] = `null`;
