// Jest Snapshot v1, https://goo.gl/fbAQLP

exports[`PulldownMenu SnapShot 1`] = `
<div>
  <div>
    title 
    <span
      className="-open"
    />
  </div>
  <div
    className="pulldown-content"
  />
</div>
`;
