// Jest Snapshot v1, https://goo.gl/fbAQLP

exports[`interface Snapshot 1`] = `
<div>
  <div>
    <p>
       
      
       
    </p>
  </div>
</div>
`;
